// Jest Snapshot v1, https://goo.gl/fbAQLP

exports[`<StartScreen /> renders correctly 1`] = `
<Component
  style={
    Object {
      "alignItems": "center",
      "backgroundColor": "#fff",
      "flex": 1,
      "justifyContent": "center",
    }
  }
>
  <Component>
    Hello 
    World
    !
  </Component>
  <Component>
    Clicks: 
    0
  </Component>
  <Button
    color="#841584"
    onPress={[Function]}
    title="Click me"
  />
  <Button
    onPress={[Function]}
    title="Go to Second Screen"
  />
</Component>
`;
