// Jest Snapshot v1, https://goo.gl/fbAQLP

exports[`<SecondScreen /> renders correctly 1`] = `
<Component
  style={
    Object {
      "alignItems": "center",
      "backgroundColor": "#fff",
      "flex": 1,
      "justifyContent": "center",
    }
  }
>
  <Component>
    Second Screen
  </Component>
  <Button
    color="#841584"
    onPress={[Function]}
    title="Go Back"
  />
</Component>
`;
